---
source: compiler/rustc_codegen_llvm/tests/test_target_selection.rs
expression: asm
---
	.attribute	4, 16
	.attribute	5, "rv64i2p1_m2p0_a2p1_f2p2_d2p2_c2p0_zicsr2p0_zmmul1p0_zaamo1p0_zalrsc1p0_zca1p0_zcd1p0"
	.file	"LLVMDialectModule"
	.text
	.globl	entry_point
	.p2align	7
	.type	entry_point,@function
entry_point:
.Lfunc_begin0:
	.file	1 "$TEST_DATA" "triton_relu.rs"
	.loc	1 2392 0
	.cfi_sections .debug_frame
	.cfi_startproc
	addi	sp, sp, -400
	.cfi_def_cfa_offset 400
	sd	ra, 392(sp)
	sd	s0, 384(sp)
	sd	s1, 376(sp)
	sd	s2, 368(sp)
	sd	s3, 360(sp)
	sd	s4, 352(sp)
	sd	s5, 344(sp)
	sd	s6, 336(sp)
	sd	s7, 328(sp)
	sd	s8, 320(sp)
	sd	s9, 312(sp)
	sd	s10, 304(sp)
	sd	s11, 296(sp)
	fsd	fs0, 288(sp)
	fsd	fs1, 280(sp)
	fsd	fs2, 272(sp)
	fsd	fs3, 264(sp)
	fsd	fs4, 256(sp)
	fsd	fs5, 248(sp)
	fsd	fs6, 240(sp)
	fsd	fs7, 232(sp)
	fsd	fs8, 224(sp)
	fsd	fs9, 216(sp)
	fsd	fs10, 208(sp)
	fsd	fs11, 200(sp)
	.cfi_offset ra, -8
	.cfi_offset s0, -16
	.cfi_offset s1, -24
	.cfi_offset s2, -32
	.cfi_offset s3, -40
	.cfi_offset s4, -48
	.cfi_offset s5, -56
	.cfi_offset s6, -64
	.cfi_offset s7, -72
	.cfi_offset s8, -80
	.cfi_offset s9, -88
	.cfi_offset s10, -96
	.cfi_offset s11, -104
	.cfi_offset fs0, -112
	.cfi_offset fs1, -120
	.cfi_offset fs2, -128
	.cfi_offset fs3, -136
	.cfi_offset fs4, -144
	.cfi_offset fs5, -152
	.cfi_offset fs6, -160
	.cfi_offset fs7, -168
	.cfi_offset fs8, -176
	.cfi_offset fs9, -184
	.cfi_offset fs10, -192
	.cfi_offset fs11, -200
	.cfi_remember_state
	sd	a1, 184(sp)
	sext.w	a2, a2
.Ltmp0:
	.loc	1 2377 61 prologue_end
	slliw	a1, a3, 5
	.loc	1 2378 19
	addiw	a3, a1, 5
	addiw	a5, a1, 13
	addiw	a4, a1, 12
	addiw	t0, a1, 21
	addiw	a6, a1, 29
	addiw	a7, a1, 28
	addiw	t1, a1, 27
	addiw	t2, a1, 26
	.loc	1 2379 13
	slt	t2, t2, a2
	slt	t1, t1, a2
	slli	t2, t2, 2
	slli	t1, t1, 3
	.loc	1 2378 19
	addiw	t3, a1, 25
	.loc	1 2379 13
	or	t1, t1, t2
	.loc	1 2378 19
	addiw	t2, a1, 24
	.loc	1 2379 13
	slt	t3, t3, a2
	slt	t2, t2, a2
	slli	t3, t3, 1
	or	t2, t2, t3
	.loc	1 2378 19
	addiw	t3, a1, 31
	.loc	1 2379 13
	or	t1, t2, t1
	.loc	1 2378 19
	addiw	t2, a1, 30
	.loc	1 2379 13
	slt	t2, t2, a2
	slt	t3, t3, a2
	slli	t2, t2, 2
	slli	t3, t3, 3
	or	t2, t3, t2
	slt	a6, a6, a2
	slt	a7, a7, a2
	slli	a6, a6, 1
	.loc	1 2378 19
	addiw	t3, a1, 20
	.loc	1 2379 13
	or	a6, a7, a6
	.loc	1 2378 19
	addiw	a7, a1, 19
	.loc	1 2379 13
	or	a6, a6, t2
	slli	t1, t1, 8
	slli	a6, a6, 12
	.loc	1 2378 19
	addiw	t2, a1, 18
	.loc	1 2379 13
	or	a6, a6, t1
	slt	t1, t2, a2
	slt	a7, a7, a2
	slli	t1, t1, 2
	slli	a7, a7, 3
	.loc	1 2378 19
	addiw	t2, a1, 17
	.loc	1 2379 13
	or	a7, a7, t1
	.loc	1 2378 19
	addiw	t1, a1, 16
	.loc	1 2379 13
	slt	t2, t2, a2
	slt	t1, t1, a2
	slli	t2, t2, 1
	or	t1, t1, t2
	.loc	1 2378 19
	addiw	t2, a1, 23
	.loc	1 2379 13
	or	a7, t1, a7
	.loc	1 2378 19
	addiw	t1, a1, 22
	.loc	1 2379 13
	slt	t1, t1, a2
	slt	t2, t2, a2
	slli	t1, t1, 2
	slli	t2, t2, 3
	or	t1, t2, t1
	slt	t0, t0, a2
	slt	t2, t3, a2
	slli	t0, t0, 1
	.loc	1 2378 19
	addiw	t3, a1, 11
	.loc	1 2379 13
	or	t0, t2, t0
	.loc	1 2378 19
	addiw	t2, a1, 10
	.loc	1 2379 13
	or	t0, t0, t1
	slt	t1, t2, a2
	slt	t2, t3, a2
	slli	t1, t1, 2
	slli	t2, t2, 3
	.loc	1 2378 19
	addiw	t3, a1, 9
	.loc	1 2379 13
	or	t1, t2, t1
	.loc	1 2378 19
	addiw	t2, a1, 8
	.loc	1 2379 13
	slt	t3, t3, a2
	slt	t2, t2, a2
	slli	t3, t3, 1
	or	t2, t2, t3
	.loc	1 2378 19
	addiw	t3, a1, 15
	.loc	1 2379 13
	or	t1, t2, t1
	.loc	1 2378 19
	addiw	t2, a1, 14
	.loc	1 2379 13
	slt	t2, t2, a2
	slt	t3, t3, a2
	slli	t2, t2, 2
	slli	t3, t3, 3
	or	t2, t3, t2
	slt	a5, a5, a2
	slt	a4, a4, a2
	slli	a5, a5, 1
	.loc	1 2378 19
	addiw	t3, a1, 7
	.loc	1 2379 13
	or	a4, a4, a5
	.loc	1 2378 19
	addiw	a5, a1, 3
	.loc	1 2379 13
	or	a4, a4, t2
	slli	t1, t1, 8
	slli	a4, a4, 12
	.loc	1 2378 19
	addiw	t2, a1, 2
	.loc	1 2379 13
	or	a4, a4, t1
	slt	t1, t2, a2
	slt	a5, a5, a2
	slli	t1, t1, 2
	slli	a5, a5, 3
	.loc	1 2378 19
	addiw	t2, a1, 6
	.loc	1 2379 13
	or	a5, a5, t1
	slt	t1, t2, a2
	slt	t2, t3, a2
	slli	t1, t1, 2
	slli	t2, t2, 3
	.loc	1 2378 19
	addiw	t3, a1, 4
	.loc	1 2379 13
	or	t1, t2, t1
	.loc	1 2378 19
	addiw	t2, a1, 1
	.loc	1 2379 13
	slt	a3, a3, a2
	slt	t3, t3, a2
	slli	a3, a3, 1
	or	a3, t3, a3
	slt	t2, t2, a2
	slt	a2, a1, a2
	slli	t2, t2, 1
	or	a2, a2, t2
	or	a3, a3, t1
	or	a2, a2, a5
	slli	a3, a3, 4
	or	a2, a2, a3
	slli	t0, t0, 4
	or	a3, a7, t0
	or	a2, a2, a4
	or	a3, a3, a6
	slli	a2, a2, 48
	slliw	a3, a3, 16
	srli	a2, a2, 48
	or	a2, a2, a3
	.loc	1 2380 20
	slli	a1, a1, 2
	.loc	1 2379 37
	andi	a3, a2, 1
	sd	a1, 176(sp)
	.loc	1 2380 20
	add	a6, a0, a1
	sd	a3, 168(sp)
	.loc	1 2379 37
	beqz	a3, .LBB0_2
	.loc	1 0 37 is_stmt 0
	fmv.w.x	fa3, zero
	.loc	1 2379 37
	flw	fs10, 0(a6)
	fmv.s	fs8, fa3
	fmv.s	fs7, fa3
	fmv.s	fs6, fa3
	fmv.s	fs5, fa3
	fmv.s	fs4, fa3
	fmv.s	fs3, fa3
	fmv.s	fs2, fa3
	fmv.s	fs1, fa3
	fmv.s	fs0, fa3
	fmv.s	ft11, fa3
	fmv.s	ft10, fa3
	fmv.s	ft9, fa3
	fmv.s	ft8, fa3
	fmv.s	fa7, fa3
	fmv.s	fa6, fa3
	fmv.s	ft7, fa3
	fmv.s	ft6, fa3
	fmv.s	ft5, fa3
	fmv.s	ft4, fa3
	fmv.s	ft3, fa3
	fmv.s	ft2, fa3
	fmv.s	ft1, fa3
	fmv.s	ft0, fa3
	fmv.s	fa0, fa3
	fmv.s	fa1, fa3
	fmv.s	fa2, fa3
	fmv.s	fa4, fa3
	fmv.s	fs9, fa3
	fmv.s	fs11, fa3
	fsw	fa3, 196(sp)
	j	.LBB0_3
.LBB0_2:
	.loc	1 0 37
	fmv.w.x	fs10, zero
	fmv.s	fa3, fs10
	fmv.s	fs8, fs10
	fmv.s	fs7, fs10
	fmv.s	fs6, fs10
	fmv.s	fs5, fs10
	fmv.s	fs4, fs10
	fmv.s	fs3, fs10
	fmv.s	fs2, fs10
	fmv.s	fs1, fs10
	fmv.s	fs0, fs10
	fmv.s	ft11, fs10
	fmv.s	ft10, fs10
	fmv.s	ft9, fs10
	fmv.s	ft8, fs10
	fmv.s	fa7, fs10
	fmv.s	fa6, fs10
	fmv.s	ft7, fs10
	fmv.s	ft6, fs10
	fmv.s	ft5, fs10
	fmv.s	ft4, fs10
	fmv.s	ft3, fs10
	fmv.s	ft2, fs10
	fmv.s	ft1, fs10
	fmv.s	ft0, fs10
	fmv.s	fa0, fs10
	fmv.s	fa1, fs10
	fmv.s	fa2, fs10
	fmv.s	fa4, fs10
	fmv.s	fs9, fs10
	fmv.s	fs11, fs10
	fsw	fs10, 196(sp)
.LBB0_3:
	.loc	1 2379 37 is_stmt 1
	andi	a0, a2, 2
	sd	a0, 160(sp)
	beqz	a0, .LBB0_5
	flw	fa3, 4(a6)
.LBB0_5:
	andi	a0, a2, 4
	sd	a0, 152(sp)
	beqz	a0, .LBB0_7
	flw	fs8, 8(a6)
.LBB0_7:
	andi	a0, a2, 8
	sd	a0, 144(sp)
	beqz	a0, .LBB0_9
	flw	fs7, 12(a6)
.LBB0_9:
	andi	a0, a2, 16
	sd	a0, 136(sp)
	beqz	a0, .LBB0_11
	flw	fs6, 16(a6)
.LBB0_11:
	andi	a0, a2, 32
	sd	a0, 128(sp)
	bnez	a0, .LBB0_140
	andi	t2, a2, 64
	bnez	t2, .LBB0_141
.LBB0_13:
	andi	t3, a2, 128
	bnez	t3, .LBB0_142
.LBB0_14:
	andi	t4, a2, 256
	bnez	t4, .LBB0_143
.LBB0_15:
	andi	t5, a2, 512
	bnez	t5, .LBB0_144
.LBB0_16:
	andi	t6, a2, 1024
	bnez	t6, .LBB0_145
.LBB0_17:
	slli	s0, a2, 52
	bltz	s0, .LBB0_146
.LBB0_18:
	slli	s1, a2, 51
	bltz	s1, .LBB0_147
.LBB0_19:
	slli	s2, a2, 50
	bltz	s2, .LBB0_148
.LBB0_20:
	slli	s3, a2, 49
	bltz	s3, .LBB0_149
.LBB0_21:
	slli	s4, a2, 48
	bltz	s4, .LBB0_150
.LBB0_22:
	slli	s5, a2, 47
	bltz	s5, .LBB0_151
.LBB0_23:
	slli	s6, a2, 46
	bltz	s6, .LBB0_152
.LBB0_24:
	slli	s7, a2, 45
	bltz	s7, .LBB0_153
.LBB0_25:
	slli	s8, a2, 44
	bltz	s8, .LBB0_154
.LBB0_26:
	slli	s9, a2, 43
	bltz	s9, .LBB0_155
.LBB0_27:
	slli	s10, a2, 42
	bltz	s10, .LBB0_156
.LBB0_28:
	slli	s11, a2, 41
	bltz	s11, .LBB0_157
.LBB0_29:
	slli	ra, a2, 40
	bltz	ra, .LBB0_158
.LBB0_30:
	slli	a3, a2, 39
	bltz	a3, .LBB0_159
.LBB0_31:
	slli	a1, a2, 38
	bltz	a1, .LBB0_160
.LBB0_32:
	slli	a4, a2, 37
	bltz	a4, .LBB0_161
.LBB0_33:
	slli	a0, a2, 36
	bltz	a0, .LBB0_162
.LBB0_34:
	slli	a5, a2, 35
	bltz	a5, .LBB0_163
.LBB0_35:
	slli	a7, a2, 34
	bltz	a7, .LBB0_164
.LBB0_36:
	slli	t0, a2, 33
	bgez	t0, .LBB0_38
.LBB0_37:
	flw	fs11, 120(a6)
.LBB0_38:
	lui	t1, 524288
	and	t1, a2, t1
	beqz	t1, .LBB0_40
	flw	fa5, 124(a6)
	fsw	fa5, 196(sp)
.LBB0_40:
	.loc	1 2381 65
	feq.s	a6, fs10, fs10
	fmv.w.x	fa5, zero
	fsw	fa5, 124(sp)
	bnez	a6, .LBB0_42
	.loc	1 0 65 is_stmt 0
	fsw	fs10, 124(sp)
.LBB0_42:
	.loc	1 2381 65 is_stmt 1
	feq.s	a6, fa3, fa3
	fsw	fa5, 120(sp)
	bnez	a6, .LBB0_44
	.loc	1 0 65 is_stmt 0
	fsw	fa3, 120(sp)
.LBB0_44:
	fsw	fa3, 4(sp)
	.loc	1 2381 65 is_stmt 1
	feq.s	a6, fs8, fs8
	fmv.s	fa3, fa5
	bnez	a6, .LBB0_46
	.loc	1 0 65 is_stmt 0
	fmv.s	fa3, fs8
.LBB0_46:
	fsw	fs8, 8(sp)
	.loc	1 2381 65 is_stmt 1
	feq.s	a6, fs7, fs7
	fmv.s	fs8, fa5
	bnez	a6, .LBB0_48
	.loc	1 0 65 is_stmt 0
	fmv.s	fs8, fs7
.LBB0_48:
	fsw	fs7, 12(sp)
	.loc	1 2381 65 is_stmt 1
	feq.s	a6, fs6, fs6
	fmv.s	fs7, fa5
	bnez	a6, .LBB0_50
	.loc	1 0 65 is_stmt 0
	fmv.s	fs7, fs6
.LBB0_50:
	fsw	fs6, 16(sp)
	.loc	1 2381 65 is_stmt 1
	feq.s	a6, fs5, fs5
	fmv.s	fs6, fa5
	bnez	a6, .LBB0_52
	.loc	1 0 65 is_stmt 0
	fmv.s	fs6, fs5
.LBB0_52:
	fsw	fs5, 20(sp)
	.loc	1 2381 65 is_stmt 1
	feq.s	a6, fs4, fs4
	fmv.s	fs5, fa5
	bnez	a6, .LBB0_54
	.loc	1 0 65 is_stmt 0
	fmv.s	fs5, fs4
.LBB0_54:
	fsw	fs4, 24(sp)
	.loc	1 2381 65 is_stmt 1
	feq.s	a6, fs3, fs3
	fmv.s	fs4, fa5
	bnez	a6, .LBB0_56
	.loc	1 0 65 is_stmt 0
	fmv.s	fs4, fs3
.LBB0_56:
	fsw	fs3, 28(sp)
	.loc	1 2381 65 is_stmt 1
	feq.s	a6, fs2, fs2
	fmv.s	fs3, fa5
	bnez	a6, .LBB0_58
	.loc	1 0 65 is_stmt 0
	fmv.s	fs3, fs2
.LBB0_58:
	fsw	fs2, 32(sp)
	.loc	1 2381 65 is_stmt 1
	feq.s	a6, fs1, fs1
	fmv.s	fs2, fa5
	bnez	a6, .LBB0_60
	.loc	1 0 65 is_stmt 0
	fmv.s	fs2, fs1
.LBB0_60:
	fsw	fs1, 36(sp)
	.loc	1 2381 65 is_stmt 1
	feq.s	a6, fs0, fs0
	fmv.s	fs1, fa5
	bnez	a6, .LBB0_62
	.loc	1 0 65 is_stmt 0
	fmv.s	fs1, fs0
.LBB0_62:
	fsw	fs0, 40(sp)
	.loc	1 2381 65 is_stmt 1
	feq.s	a6, ft11, ft11
	fmv.s	fs0, fa5
	bnez	a6, .LBB0_64
	.loc	1 0 65 is_stmt 0
	fmv.s	fs0, ft11
.LBB0_64:
	fsw	ft11, 44(sp)
	.loc	1 2381 65 is_stmt 1
	feq.s	a6, ft10, ft10
	fmv.s	ft11, fa5
	bnez	a6, .LBB0_66
	.loc	1 0 65 is_stmt 0
	fmv.s	ft11, ft10
.LBB0_66:
	fsw	ft10, 48(sp)
	.loc	1 2381 65 is_stmt 1
	feq.s	a6, ft9, ft9
	fmv.s	ft10, fa5
	bnez	a6, .LBB0_68
	.loc	1 0 65 is_stmt 0
	fmv.s	ft10, ft9
.LBB0_68:
	fsw	ft9, 52(sp)
	.loc	1 2381 65 is_stmt 1
	feq.s	a6, ft8, ft8
	fmv.s	ft9, fa5
	bnez	a6, .LBB0_70
	.loc	1 0 65 is_stmt 0
	fmv.s	ft9, ft8
.LBB0_70:
	fsw	ft8, 56(sp)
	.loc	1 2381 65 is_stmt 1
	feq.s	a6, fa7, fa7
	fmv.s	ft8, fa5
	bnez	a6, .LBB0_72
	.loc	1 0 65 is_stmt 0
	fmv.s	ft8, fa7
.LBB0_72:
	fsw	fa7, 60(sp)
	.loc	1 2381 65 is_stmt 1
	feq.s	a6, fa6, fa6
	fmv.s	fa7, fa5
	bnez	a6, .LBB0_74
	.loc	1 0 65 is_stmt 0
	fmv.s	fa7, fa6
.LBB0_74:
	fsw	fa6, 64(sp)
	.loc	1 2381 65 is_stmt 1
	feq.s	a6, ft7, ft7
	fmv.s	fa6, fa5
	bnez	a6, .LBB0_76
	.loc	1 0 65 is_stmt 0
	fmv.s	fa6, ft7
.LBB0_76:
	fsw	ft7, 68(sp)
	.loc	1 2381 65 is_stmt 1
	feq.s	a6, ft6, ft6
	fmv.s	ft7, fa5
	bnez	a6, .LBB0_78
	.loc	1 0 65 is_stmt 0
	fmv.s	ft7, ft6
.LBB0_78:
	fsw	ft6, 72(sp)
	.loc	1 2381 65 is_stmt 1
	feq.s	a6, ft5, ft5
	fmv.s	ft6, fa5
	bnez	a6, .LBB0_80
	.loc	1 0 65 is_stmt 0
	fmv.s	ft6, ft5
.LBB0_80:
	fsw	fs0, 0(sp)
	fsw	ft5, 76(sp)
	.loc	1 2381 65 is_stmt 1
	feq.s	a6, ft4, ft4
	fmv.s	ft5, fa5
	bnez	a6, .LBB0_82
	.loc	1 0 65 is_stmt 0
	fmv.s	ft5, ft4
.LBB0_82:
	fmv.s	fs0, fs1
	fsw	ft4, 80(sp)
	.loc	1 2381 65 is_stmt 1
	feq.s	a6, ft3, ft3
	fmv.s	ft4, fa5
	bnez	a6, .LBB0_84
	.loc	1 0 65 is_stmt 0
	fmv.s	ft4, ft3
.LBB0_84:
	fmv.s	fs1, fs2
	fsw	ft3, 84(sp)
	.loc	1 2381 65 is_stmt 1
	feq.s	a6, ft2, ft2
	fmv.s	ft3, fa5
	bnez	a6, .LBB0_86
	.loc	1 0 65 is_stmt 0
	fmv.s	ft3, ft2
.LBB0_86:
	fmv.s	fs2, fs3
	fsw	ft2, 88(sp)
	.loc	1 2381 65 is_stmt 1
	feq.s	a6, ft1, ft1
	fmv.s	ft2, fa5
	bnez	a6, .LBB0_88
	.loc	1 0 65 is_stmt 0
	fmv.s	ft2, ft1
.LBB0_88:
	fmv.s	fs3, fs4
	fsw	ft1, 92(sp)
	.loc	1 2381 65 is_stmt 1
	feq.s	a6, ft0, ft0
	fmv.s	ft1, fa5
	bnez	a6, .LBB0_90
	.loc	1 0 65 is_stmt 0
	fmv.s	ft1, ft0
.LBB0_90:
	fmv.s	fs4, fs5
	fsw	ft0, 96(sp)
	.loc	1 2381 65 is_stmt 1
	feq.s	a6, fa0, fa0
	fmv.s	ft0, fa5
	bnez	a6, .LBB0_92
	.loc	1 0 65 is_stmt 0
	fmv.s	ft0, fa0
.LBB0_92:
	fmv.s	fs5, fs6
	fsw	fa0, 100(sp)
	.loc	1 2381 65 is_stmt 1
	feq.s	a6, fa1, fa1
	fmv.s	fa0, fa5
	bnez	a6, .LBB0_94
	.loc	1 0 65 is_stmt 0
	fmv.s	fa0, fa1
.LBB0_94:
	fmv.s	fs6, fs7
	fsw	fa1, 104(sp)
	.loc	1 2381 65 is_stmt 1
	feq.s	a6, fa2, fa2
	fmv.s	fa1, fa5
	bnez	a6, .LBB0_96
	.loc	1 0 65 is_stmt 0
	fmv.s	fa1, fa2
.LBB0_96:
	fmv.s	fs7, fs8
	fsw	fa2, 108(sp)
	.loc	1 2381 65 is_stmt 1
	feq.s	a6, fa4, fa4
	fmv.s	fa2, fa5
	bnez	a6, .LBB0_98
	.loc	1 0 65 is_stmt 0
	fmv.s	fa2, fa4
.LBB0_98:
	fmv.s	fs8, fa3
	fsw	fa4, 112(sp)
	.loc	1 2381 65 is_stmt 1
	feq.s	a6, fs9, fs9
	fmv.s	fa4, fa5
	bnez	a6, .LBB0_100
	.loc	1 0 65 is_stmt 0
	fmv.s	fa4, fs9
.LBB0_100:
	fmv.s	fa3, fs10
	fsw	fs9, 116(sp)
	.loc	1 2381 65 is_stmt 1
	feq.s	a6, fs11, fs11
	fmv.s	fs9, fa5
	bnez	a6, .LBB0_102
	.loc	1 0 65 is_stmt 0
	fmv.s	fs9, fs11
.LBB0_102:
	fmv.s	fs10, fs11
	flw	fs11, 196(sp)
	.loc	1 2381 65 is_stmt 1
	feq.s	a6, fs11, fs11
	bnez	a6, .LBB0_104
	.loc	1 0 65 is_stmt 0
	flw	fa5, 196(sp)
.LBB0_104:
	ld	a6, 184(sp)
	ld	t1, 176(sp)
	.loc	1 2383 22 is_stmt 1
	add	a6, a6, t1
	ld	t1, 168(sp)
	.loc	1 2382 20
	beqz	t1, .LBB0_106
	.loc	1 0 20 is_stmt 0
	flw	fs11, 124(sp)
	fmax.s	fs11, fa3, fs11
	.loc	1 2382 20
	fsw	fs11, 0(a6)
.LBB0_106:
	.loc	1 0 20
	fmv.s	fs11, fs10
	ld	t1, 160(sp)
	.loc	1 2382 20
	bnez	t1, .LBB0_165
	.loc	1 0 20
	ld	t1, 152(sp)
	.loc	1 2382 20
	bnez	t1, .LBB0_166
.LBB0_108:
	.loc	1 0 20
	ld	t1, 144(sp)
	.loc	1 2382 20
	bnez	t1, .LBB0_167
.LBB0_109:
	.loc	1 0 20
	ld	t1, 136(sp)
	.loc	1 2382 20
	bnez	t1, .LBB0_168
.LBB0_110:
	.loc	1 0 20
	ld	t1, 128(sp)
	.loc	1 2382 20
	bnez	t1, .LBB0_169
.LBB0_111:
	bnez	t2, .LBB0_170
.LBB0_112:
	bnez	t3, .LBB0_171
.LBB0_113:
	bnez	t4, .LBB0_172
.LBB0_114:
	bnez	t5, .LBB0_173
.LBB0_115:
	bnez	t6, .LBB0_174
.LBB0_116:
	bltz	s0, .LBB0_175
.LBB0_117:
	bltz	s1, .LBB0_176
.LBB0_118:
	bltz	s2, .LBB0_177
.LBB0_119:
	bltz	s3, .LBB0_178
.LBB0_120:
	bltz	s4, .LBB0_179
.LBB0_121:
	bltz	s5, .LBB0_180
.LBB0_122:
	bltz	s6, .LBB0_181
.LBB0_123:
	bltz	s7, .LBB0_182
.LBB0_124:
	bltz	s8, .LBB0_183
.LBB0_125:
	bltz	s9, .LBB0_184
.LBB0_126:
	bltz	s10, .LBB0_185
.LBB0_127:
	bltz	s11, .LBB0_186
.LBB0_128:
	bltz	ra, .LBB0_187
.LBB0_129:
	bltz	a3, .LBB0_188
.LBB0_130:
	bltz	a1, .LBB0_189
.LBB0_131:
	bltz	a4, .LBB0_190
.LBB0_132:
	bltz	a0, .LBB0_191
.LBB0_133:
	bltz	a5, .LBB0_192
.LBB0_134:
	bltz	a7, .LBB0_193
.LBB0_135:
	bgez	t0, .LBB0_137
.LBB0_136:
	.loc	1 0 0
	fmax.s	fa4, fs11, fs9
	.loc	1 2382 20
	fsw	fa4, 120(a6)
.LBB0_137:
	lui	a0, 524288
	and	a0, a0, a2
	beqz	a0, .LBB0_139
	.loc	1 0 20
	flw	fa4, 196(sp)
	fmax.s	fa5, fa4, fa5
	.loc	1 2382 20
	fsw	fa5, 124(a6)
.Ltmp1:
.LBB0_139:
	.loc	1 2396 2 epilogue_begin is_stmt 1
	ld	ra, 392(sp)
	ld	s0, 384(sp)
	ld	s1, 376(sp)
	ld	s2, 368(sp)
	ld	s3, 360(sp)
	ld	s4, 352(sp)
	ld	s5, 344(sp)
	ld	s6, 336(sp)
	ld	s7, 328(sp)
	ld	s8, 320(sp)
	ld	s9, 312(sp)
	ld	s10, 304(sp)
	ld	s11, 296(sp)
	fld	fs0, 288(sp)
	fld	fs1, 280(sp)
	fld	fs2, 272(sp)
	fld	fs3, 264(sp)
	fld	fs4, 256(sp)
	fld	fs5, 248(sp)
	fld	fs6, 240(sp)
	fld	fs7, 232(sp)
	fld	fs8, 224(sp)
	fld	fs9, 216(sp)
	fld	fs10, 208(sp)
	fld	fs11, 200(sp)
	.cfi_restore ra
	.cfi_restore s0
	.cfi_restore s1
	.cfi_restore s2
	.cfi_restore s3
	.cfi_restore s4
	.cfi_restore s5
	.cfi_restore s6
	.cfi_restore s7
	.cfi_restore s8
	.cfi_restore s9
	.cfi_restore s10
	.cfi_restore s11
	.cfi_restore fs0
	.cfi_restore fs1
	.cfi_restore fs2
	.cfi_restore fs3
	.cfi_restore fs4
	.cfi_restore fs5
	.cfi_restore fs6
	.cfi_restore fs7
	.cfi_restore fs8
	.cfi_restore fs9
	.cfi_restore fs10
	.cfi_restore fs11
	addi	sp, sp, 400
	.cfi_def_cfa_offset 0
	ret
.LBB0_140:
	.cfi_restore_state
.Ltmp2:
	.loc	1 2379 37
	flw	fs5, 20(a6)
	andi	t2, a2, 64
	beqz	t2, .LBB0_13
.LBB0_141:
	flw	fs4, 24(a6)
	andi	t3, a2, 128
	beqz	t3, .LBB0_14
.LBB0_142:
	flw	fs3, 28(a6)
	andi	t4, a2, 256
	beqz	t4, .LBB0_15
.LBB0_143:
	flw	fs2, 32(a6)
	andi	t5, a2, 512
	beqz	t5, .LBB0_16
.LBB0_144:
	flw	fs1, 36(a6)
	andi	t6, a2, 1024
	beqz	t6, .LBB0_17
.LBB0_145:
	flw	fs0, 40(a6)
	slli	s0, a2, 52
	bgez	s0, .LBB0_18
.LBB0_146:
	flw	ft11, 44(a6)
	slli	s1, a2, 51
	bgez	s1, .LBB0_19
.LBB0_147:
	flw	ft10, 48(a6)
	slli	s2, a2, 50
	bgez	s2, .LBB0_20
.LBB0_148:
	flw	ft9, 52(a6)
	slli	s3, a2, 49
	bgez	s3, .LBB0_21
.LBB0_149:
	flw	ft8, 56(a6)
	slli	s4, a2, 48
	bgez	s4, .LBB0_22
.LBB0_150:
	flw	fa7, 60(a6)
	slli	s5, a2, 47
	bgez	s5, .LBB0_23
.LBB0_151:
	flw	fa6, 64(a6)
	slli	s6, a2, 46
	bgez	s6, .LBB0_24
.LBB0_152:
	flw	ft7, 68(a6)
	slli	s7, a2, 45
	bgez	s7, .LBB0_25
.LBB0_153:
	flw	ft6, 72(a6)
	slli	s8, a2, 44
	bgez	s8, .LBB0_26
.LBB0_154:
	flw	ft5, 76(a6)
	slli	s9, a2, 43
	bgez	s9, .LBB0_27
.LBB0_155:
	flw	ft4, 80(a6)
	slli	s10, a2, 42
	bgez	s10, .LBB0_28
.LBB0_156:
	flw	ft3, 84(a6)
	slli	s11, a2, 41
	bgez	s11, .LBB0_29
.LBB0_157:
	flw	ft2, 88(a6)
	slli	ra, a2, 40
	bgez	ra, .LBB0_30
.LBB0_158:
	flw	ft1, 92(a6)
	slli	a3, a2, 39
	bgez	a3, .LBB0_31
.LBB0_159:
	flw	ft0, 96(a6)
	slli	a1, a2, 38
	bgez	a1, .LBB0_32
.LBB0_160:
	flw	fa0, 100(a6)
	slli	a4, a2, 37
	bgez	a4, .LBB0_33
.LBB0_161:
	flw	fa1, 104(a6)
	slli	a0, a2, 36
	bgez	a0, .LBB0_34
.LBB0_162:
	flw	fa2, 108(a6)
	slli	a5, a2, 35
	bgez	a5, .LBB0_35
.LBB0_163:
	flw	fa4, 112(a6)
	slli	a7, a2, 34
	bgez	a7, .LBB0_36
.LBB0_164:
	flw	fs9, 116(a6)
	slli	t0, a2, 33
	bltz	t0, .LBB0_37
	j	.LBB0_38
.LBB0_165:
	.loc	1 0 37 is_stmt 0
	flw	fs10, 4(sp)
	flw	fa3, 120(sp)
	fmax.s	fs10, fs10, fa3
	.loc	1 2382 20 is_stmt 1
	fsw	fs10, 4(a6)
	ld	t1, 152(sp)
	beqz	t1, .LBB0_108
.LBB0_166:
	.loc	1 0 20 is_stmt 0
	flw	fs10, 8(sp)
	fmax.s	fa3, fs10, fs8
	.loc	1 2382 20
	fsw	fa3, 8(a6)
	ld	t1, 144(sp)
	beqz	t1, .LBB0_109
.LBB0_167:
	.loc	1 0 20
	flw	fa3, 12(sp)
	fmax.s	fa3, fa3, fs7
	.loc	1 2382 20
	fsw	fa3, 12(a6)
	ld	t1, 136(sp)
	beqz	t1, .LBB0_110
.LBB0_168:
	.loc	1 0 20
	flw	fa3, 16(sp)
	fmax.s	fa3, fa3, fs6
	.loc	1 2382 20
	fsw	fa3, 16(a6)
	ld	t1, 128(sp)
	beqz	t1, .LBB0_111
.LBB0_169:
	.loc	1 0 20
	flw	fa3, 20(sp)
	fmax.s	fa3, fa3, fs5
	.loc	1 2382 20
	fsw	fa3, 20(a6)
	beqz	t2, .LBB0_112
.LBB0_170:
	.loc	1 0 20
	flw	fa3, 24(sp)
	fmax.s	fa3, fa3, fs4
	.loc	1 2382 20
	fsw	fa3, 24(a6)
	beqz	t3, .LBB0_113
.LBB0_171:
	.loc	1 0 20
	flw	fa3, 28(sp)
	fmax.s	fa3, fa3, fs3
	.loc	1 2382 20
	fsw	fa3, 28(a6)
	beqz	t4, .LBB0_114
.LBB0_172:
	.loc	1 0 20
	flw	fa3, 32(sp)
	fmax.s	fa3, fa3, fs2
	.loc	1 2382 20
	fsw	fa3, 32(a6)
	beqz	t5, .LBB0_115
.LBB0_173:
	.loc	1 0 20
	flw	fa3, 36(sp)
	fmax.s	fa3, fa3, fs1
	.loc	1 2382 20
	fsw	fa3, 36(a6)
	beqz	t6, .LBB0_116
.LBB0_174:
	.loc	1 0 20
	flw	fa3, 40(sp)
	fmax.s	fa3, fa3, fs0
	.loc	1 2382 20
	fsw	fa3, 40(a6)
	bgez	s0, .LBB0_117
.LBB0_175:
	.loc	1 0 20
	flw	fa3, 44(sp)
	flw	fs0, 0(sp)
	fmax.s	fa3, fa3, fs0
	.loc	1 2382 20
	fsw	fa3, 44(a6)
	bgez	s1, .LBB0_118
.LBB0_176:
	.loc	1 0 20
	flw	fa3, 48(sp)
	fmax.s	fa3, fa3, ft11
	.loc	1 2382 20
	fsw	fa3, 48(a6)
	bgez	s2, .LBB0_119
.LBB0_177:
	.loc	1 0 20
	flw	fa3, 52(sp)
	fmax.s	fa3, fa3, ft10
	.loc	1 2382 20
	fsw	fa3, 52(a6)
	bgez	s3, .LBB0_120
.LBB0_178:
	.loc	1 0 20
	flw	fa3, 56(sp)
	fmax.s	fa3, fa3, ft9
	.loc	1 2382 20
	fsw	fa3, 56(a6)
	bgez	s4, .LBB0_121
.LBB0_179:
	.loc	1 0 20
	flw	fa3, 60(sp)
	fmax.s	fa3, fa3, ft8
	.loc	1 2382 20
	fsw	fa3, 60(a6)
	bgez	s5, .LBB0_122
.LBB0_180:
	.loc	1 0 20
	flw	fa3, 64(sp)
	fmax.s	fa3, fa3, fa7
	.loc	1 2382 20
	fsw	fa3, 64(a6)
	bgez	s6, .LBB0_123
.LBB0_181:
	.loc	1 0 20
	flw	fa3, 68(sp)
	fmax.s	fa3, fa3, fa6
	.loc	1 2382 20
	fsw	fa3, 68(a6)
	bgez	s7, .LBB0_124
.LBB0_182:
	.loc	1 0 20
	flw	fa3, 72(sp)
	fmax.s	fa3, fa3, ft7
	.loc	1 2382 20
	fsw	fa3, 72(a6)
	bgez	s8, .LBB0_125
.LBB0_183:
	.loc	1 0 20
	flw	fa3, 76(sp)
	fmax.s	fa3, fa3, ft6
	.loc	1 2382 20
	fsw	fa3, 76(a6)
	bgez	s9, .LBB0_126
.LBB0_184:
	.loc	1 0 20
	flw	fa3, 80(sp)
	fmax.s	fa3, fa3, ft5
	.loc	1 2382 20
	fsw	fa3, 80(a6)
	bgez	s10, .LBB0_127
.LBB0_185:
	.loc	1 0 20
	flw	fa3, 84(sp)
	fmax.s	fa3, fa3, ft4
	.loc	1 2382 20
	fsw	fa3, 84(a6)
	bgez	s11, .LBB0_128
.LBB0_186:
	.loc	1 0 20
	flw	fa3, 88(sp)
	fmax.s	fa3, fa3, ft3
	.loc	1 2382 20
	fsw	fa3, 88(a6)
	bgez	ra, .LBB0_129
.LBB0_187:
	.loc	1 0 20
	flw	fa3, 92(sp)
	fmax.s	fa3, fa3, ft2
	.loc	1 2382 20
	fsw	fa3, 92(a6)
	bgez	a3, .LBB0_130
.LBB0_188:
	.loc	1 0 20
	flw	fa3, 96(sp)
	fmax.s	fa3, fa3, ft1
	.loc	1 2382 20
	fsw	fa3, 96(a6)
	bgez	a1, .LBB0_131
.LBB0_189:
	.loc	1 0 20
	flw	fa3, 100(sp)
	fmax.s	fa3, fa3, ft0
	.loc	1 2382 20
	fsw	fa3, 100(a6)
	bgez	a4, .LBB0_132
.LBB0_190:
	.loc	1 0 20
	flw	fa3, 104(sp)
	fmax.s	fa3, fa3, fa0
	.loc	1 2382 20
	fsw	fa3, 104(a6)
	bgez	a0, .LBB0_133
.LBB0_191:
	.loc	1 0 20
	flw	fa3, 108(sp)
	fmax.s	fa3, fa3, fa1
	.loc	1 2382 20
	fsw	fa3, 108(a6)
	bgez	a5, .LBB0_134
.LBB0_192:
	.loc	1 0 20
	flw	fa3, 112(sp)
	fmax.s	fa3, fa3, fa2
	.loc	1 2382 20
	fsw	fa3, 112(a6)
	bgez	a7, .LBB0_135
.LBB0_193:
	.loc	1 0 20
	flw	fa3, 116(sp)
	fmax.s	fa4, fa3, fa4
	.loc	1 2382 20
	fsw	fa4, 116(a6)
	bltz	t0, .LBB0_136
	j	.LBB0_137
.Ltmp3:
.Lfunc_end0:
	.size	entry_point, .Lfunc_end0-entry_point
	.cfi_endproc

	.section	.debug_abbrev,"",@progbits
	.byte	1
	.byte	17
	.byte	1
	.byte	37
	.byte	14
	.byte	19
	.byte	5
	.byte	3
	.byte	14
	.byte	16
	.byte	23
	.byte	27
	.byte	14
	.byte	17
	.byte	1
	.byte	18
	.byte	6
	.byte	0
	.byte	0
	.byte	2
	.byte	46
	.byte	0
	.byte	3
	.byte	14
	.byte	32
	.byte	11
	.byte	0
	.byte	0
	.byte	3
	.byte	46
	.byte	1
	.byte	17
	.byte	1
	.byte	18
	.byte	6
	.byte	49
	.byte	19
	.byte	0
	.byte	0
	.byte	4
	.byte	29
	.byte	0
	.byte	49
	.byte	19
	.byte	85
	.byte	23
	.byte	88
	.byte	11
	.byte	89
	.byte	5
	.byte	87
	.byte	11
	.byte	0
	.byte	0
	.byte	0
	.section	.debug_info,"",@progbits
.Lcu_begin0:
	.word	.Ldebug_info_end0-.Ldebug_info_start0
.Ldebug_info_start0:
	.half	4
	.word	.debug_abbrev
	.byte	8
	.byte	1
	.word	.Linfo_string0
	.half	2
	.word	.Linfo_string1
	.word	.Lline_table_start0
	.word	.Linfo_string2
	.quad	.Lfunc_begin0
	.word	.Lfunc_end0-.Lfunc_begin0
	.byte	2
	.word	.Linfo_string3
	.byte	1
	.byte	3
	.quad	.Lfunc_begin0
	.word	.Lfunc_end0-.Lfunc_begin0
	.word	42
	.byte	4
	.word	42
	.word	.Ldebug_ranges0
	.byte	1
	.half	2395
	.byte	5
	.byte	0
	.byte	0
.Ldebug_info_end0:
	.section	.debug_ranges,"",@progbits
.Ldebug_ranges0:
	.quad	.Ltmp0-.Lfunc_begin0
	.quad	.Ltmp1-.Lfunc_begin0
	.quad	.Ltmp2-.Lfunc_begin0
	.quad	.Ltmp3-.Lfunc_begin0
	.quad	0
	.quad	0
	.section	.debug_str,"MS",@progbits,1
.Linfo_string0:
	.asciz	"triton"
.Linfo_string1:
	.asciz	"triton_relu.rs"
.Linfo_string2:
	.asciz	"$TEST_DATA"
.Linfo_string3:
	.asciz	"entry_point"
	.section	".note.GNU-stack","",@progbits
	.section	.debug_line,"",@progbits
.Lline_table_start0:
